<?php return array (
  0 => 'Symfony\\Bundle\\FrameworkBundle\\Controller\\AbstractController',
  1 => 'App\\Controller\\AccountController',
  2 => 'App\\Controller\\Admin\\CategorieCrudController',
  3 => 'App\\Controller\\Admin\\DashboardController',
  4 => 'App\\Controller\\Admin\\QuizCrudController',
  5 => 'App\\Controller\\Admin\\ReponseCrudController',
  6 => 'App\\Controller\\Admin\\UserCrudController',
  7 => 'App\\Controller\\CategorieController',
  8 => 'App\\Controller\\Createquizz2Controller',
  9 => 'App\\Controller\\CreatequizzController',
  10 => 'App\\Controller\\HomeController',
  11 => 'App\\Controller\\LoginController',
  12 => 'App\\Controller\\RegistrationController',
  13 => 'App\\Controller\\ResultController',
  14 => 'App\\Controller\\SecurityController',
  15 => 'App\\Entity\\Categorie',
  16 => 'App\\Entity\\History',
  17 => 'App\\Entity\\Quiz',
  18 => 'App\\Entity\\Reponse',
  19 => 'App\\Entity\\User',
  20 => 'Doctrine\\Bundle\\DoctrineBundle\\Controller\\ProfilerController',
  21 => 'Doctrine\\ORM\\Cache\\Persister\\Entity\\AbstractEntityPersister',
  22 => 'Doctrine\\ORM\\Cache\\Persister\\Entity\\CachedEntityPersister',
  23 => 'Doctrine\\ORM\\Cache\\Persister\\Entity\\NonStrictReadWriteCachedEntityPersister',
  24 => 'Doctrine\\ORM\\Cache\\Persister\\Entity\\ReadOnlyCachedEntityPersister',
  25 => 'Doctrine\\ORM\\Cache\\Persister\\Entity\\ReadWriteCachedEntityPersister',
  26 => 'Doctrine\\ORM\\Persisters\\Entity\\AbstractEntityInheritancePersister',
  27 => 'Doctrine\\ORM\\Persisters\\Entity\\BasicEntityPersister',
  28 => 'Doctrine\\ORM\\Persisters\\Entity\\CachedPersisterContext',
  29 => 'Doctrine\\ORM\\Persisters\\Entity\\EntityPersister',
  30 => 'Doctrine\\ORM\\Persisters\\Entity\\JoinedSubclassPersister',
  31 => 'Doctrine\\ORM\\Persisters\\Entity\\SingleTablePersister',
  32 => 'EasyCorp\\Bundle\\EasyAdminBundle\\Contracts\\Controller\\CrudControllerInterface',
  33 => 'EasyCorp\\Bundle\\EasyAdminBundle\\Contracts\\Controller\\DashboardControllerInterface',
  34 => 'EasyCorp\\Bundle\\EasyAdminBundle\\Controller\\AbstractCrudController',
  35 => 'EasyCorp\\Bundle\\EasyAdminBundle\\Controller\\AbstractDashboardController',
  36 => 'EasyCorp\\Bundle\\EasyAdminBundle\\Controller\\EasyAdminController',
  38 => 'Symfony\\Bundle\\FrameworkBundle\\Controller\\ControllerResolver',
  39 => 'Symfony\\Bundle\\FrameworkBundle\\Controller\\RedirectController',
  40 => 'Symfony\\Bundle\\FrameworkBundle\\Controller\\TemplateController',
  41 => 'Symfony\\Component\\HttpKernel\\Controller\\ArgumentResolver',
  42 => 'Symfony\\Component\\HttpKernel\\Controller\\ArgumentResolverInterface',
  43 => 'Symfony\\Component\\HttpKernel\\Controller\\ArgumentResolver\\DefaultValueResolver',
  44 => 'Symfony\\Component\\HttpKernel\\Controller\\ArgumentResolver\\NotTaggedControllerValueResolver',
  45 => 'Symfony\\Component\\HttpKernel\\Controller\\ArgumentResolver\\RequestAttributeValueResolver',
  46 => 'Symfony\\Component\\HttpKernel\\Controller\\ArgumentResolver\\RequestValueResolver',
  47 => 'Symfony\\Component\\HttpKernel\\Controller\\ArgumentResolver\\ServiceValueResolver',
  48 => 'Symfony\\Component\\HttpKernel\\Controller\\ArgumentResolver\\SessionValueResolver',
  49 => 'Symfony\\Component\\HttpKernel\\Controller\\ArgumentResolver\\TraceableValueResolver',
  50 => 'Symfony\\Component\\HttpKernel\\Controller\\ArgumentResolver\\VariadicValueResolver',
  51 => 'Symfony\\Component\\HttpKernel\\Controller\\ArgumentValueResolverInterface',
  52 => 'Symfony\\Component\\HttpKernel\\Controller\\ContainerControllerResolver',
  53 => 'Symfony\\Component\\HttpKernel\\Controller\\ControllerReference',
  54 => 'Symfony\\Component\\HttpKernel\\Controller\\ControllerResolver',
  55 => 'Symfony\\Component\\HttpKernel\\Controller\\ControllerResolverInterface',
  56 => 'Symfony\\Component\\HttpKernel\\Controller\\ErrorController',
  57 => 'Symfony\\Component\\HttpKernel\\Controller\\TraceableArgumentResolver',
  58 => 'Symfony\\Component\\HttpKernel\\Controller\\TraceableControllerResolver',
  59 => 'Symfony\\Component\\Security\\Http\\Controller\\UserValueResolver',
);